// Jest Snapshot v1, https://goo.gl/fbAQLP

exports[`test should EditComment match snapshot 1`] = `
<div
  className="Cmnt-"
>
  <div
    id="Cmnt-input"
  >
    <div
      className="bp3-input-group bp3-large"
    >
      <input
        className="bp3-input"
        id="Cmnt-inputUser"
        onChange={[Function]}
        placeholder="Input comment"
        style={
          Object {
            "paddingLeft": undefined,
            "paddingRight": undefined,
          }
        }
        type="text"
        value="this is a new comment"
      />
    </div>
  </div>
  <div
    id="NP-tagInput"
  >
    <ul
      id="NP-tags"
    >
      <li
        className="tag"
      >
        <span
          className="NP-tagTitle"
        >
           
          tag1
           
        </span>
        <button
          className="bp3-button bp3-minimal NP-tagCloseIcon"
          onBlur={[Function]}
          onClick={[Function]}
          onKeyDown={[Function]}
          onKeyUp={[Function]}
          type="button"
        >
          <span
            aria-hidden={true}
            className="bp3-icon bp3-icon-cross"
            icon="cross"
          >
            <svg
              data-icon="cross"
              height={16}
              viewBox="0 0 16 16"
              width={16}
            >
              <path
                d="M9.41 8l3.29-3.29c.19-.18.3-.43.3-.71a1.003 1.003 0 00-1.71-.71L8 6.59l-3.29-3.3a1.003 1.003 0 00-1.42 1.42L6.59 8 3.3 11.29c-.19.18-.3.43-.3.71a1.003 1.003 0 001.71.71L8 9.41l3.29 3.29c.18.19.43.3.71.3a1.003 1.003 0 00.71-1.71L9.41 8z"
                fillRule="evenodd"
              />
            </svg>
          </span>
        </button>
      </li>
      <li
        className="tag"
      >
        <span
          className="NP-tagTitle"
        >
           
          tag2
           
        </span>
        <button
          className="bp3-button bp3-minimal NP-tagCloseIcon"
          onBlur={[Function]}
          onClick={[Function]}
          onKeyDown={[Function]}
          onKeyUp={[Function]}
          type="button"
        >
          <span
            aria-hidden={true}
            className="bp3-icon bp3-icon-cross"
            icon="cross"
          >
            <svg
              data-icon="cross"
              height={16}
              viewBox="0 0 16 16"
              width={16}
            >
              <path
                d="M9.41 8l3.29-3.29c.19-.18.3-.43.3-.71a1.003 1.003 0 00-1.71-.71L8 6.59l-3.29-3.3a1.003 1.003 0 00-1.42 1.42L6.59 8 3.3 11.29c-.19.18-.3.43-.3.71a1.003 1.003 0 001.71.71L8 9.41l3.29 3.29c.18.19.43.3.71.3a1.003 1.003 0 00.71-1.71L9.41 8z"
                fillRule="evenodd"
              />
            </svg>
          </span>
        </button>
      </li>
    </ul>
    <input
      onKeyUp={[Function]}
      placeholder="Enter to add hashtags"
      type="text"
    />
  </div>
  <div
    className="NP-postBtnDiv"
  >
    <button
      className="bp3-button"
      id="NP-postBtn"
      onBlur={[Function]}
      onClick={[Function]}
      onKeyDown={[Function]}
      onKeyUp={[Function]}
      type="button"
    >
      <span
        className="bp3-button-text"
      >
        Confirm
      </span>
    </button>
  </div>
</div>
`;
